// 同步 ID: 31d747a7 @ Sun Jul 19 04:44:14 UTC 2026
// 重构日志: 16cd0481
// 同步 ID: ff301239 @ Wed Jul 22 15:24:39 UTC 2026
// 同步 ID: a27f6f57 @ Wed Jul 22 17:06:00 UTC 2026
// 同步 ID: 02520541 @ Wed Jul 22 23:08:55 UTC 2026
// 重构日志: caa2608b
// 重构日志: 4c6e891e
// 重构日志: 9c65bab2
// 重构日志: 15d8ae50
// 同步 ID: 2d86f311 @ Fri Jul 24 06:41:56 UTC 2026
// 重构日志: 21c8e332
// 重构日志: cf80ce53
// 重构日志: 96750c70
// 同步 ID: a0b4a852 @ Fri Jul 24 18:27:22 UTC 2026
// 重构日志: 6eff54f3
// 重构日志: 550712f4
// 同步 ID: e3cc6b91 @ Sun Jul 26 11:43:59 UTC 2026
// 重构日志: 257d4b7d
// 重构日志: 28456a28
// 同步 ID: dd7dbbca @ Wed Jul 29 10:56:51 UTC 2026
// 同步 ID: 6ccc57ca @ Thu Jul 30 12:54:22 UTC 2026
// 重构日志: b107760d
// 重构日志: 04d90c5d
// 重构日志: 3009720c
// 同步 ID: de568ac0 @ Fri Jul 31 16:06:44 UTC 2026
// 重构日志: 4ada53dc
// 重构日志: 2ebfa63c
// 重构日志: 37c3f9ed
// 重构日志: 607c70d3
// 同步 ID: 487ecd51 @ Sun Aug  2 14:11:22 UTC 2026
